--------- beginning of main
08-10 13:41:47.558  6649 14823 W SystemUpdate: [Execution,ExecutionManager] Unable to create the action. Restart the execution from the scratch.
08-10 13:41:47.558  6649 14823 W SystemUpdate: java.lang.IllegalStateException
08-10 13:41:47.558  6649 14823 W SystemUpdate: 	at advt.l(:com.google.android.gms@233013044@23.30.13 (190400-552628474):6)
08-10 13:41:47.558  6649 14823 W SystemUpdate: 	at cnyd.a(:com.google.android.gms@233013044@23.30.13 (190400-552628474):324)
08-10 13:41:47.558  6649 14823 W SystemUpdate: 	at com.google.android.gms.update.execution.InstallationIntentOperation.onHandleIntent(:com.google.android.gms@233013044@23.30.13 (190400-552628474):120)
08-10 13:41:47.558  6649 14823 W SystemUpdate: 	at com.google.android.chimera.IntentOperation.onHandleIntent(:com.google.android.gms@233013044@23.30.13 (190400-552628474):2)
08-10 13:41:47.558  6649 14823 W SystemUpdate: 	at ablm.onHandleIntent(:com.google.android.gms@233013044@23.30.13 (190400-552628474):10)
08-10 13:41:47.558  6649 14823 W SystemUpdate: 	at izw.run(:com.google.android.gms@233013044@23.30.13 (190400-552628474):70)
08-10 13:41:47.558  6649 14823 W SystemUpdate: 	at izv.run(:com.google.android.gms@233013044@23.30.13 (190400-552628474):152)
08-10 13:41:47.558  6649 14823 W SystemUpdate: 	at dlkq.run(:com.google.android.gms@233013044@23.30.13 (190400-552628474):13)
08-10 13:41:47.558  6649 14823 W SystemUpdate: 	at java.util.concurrent.ThreadPoolExecutor.runWorker(ThreadPoolExecutor.java:1167)
08-10 13:41:47.558  6649 14823 W SystemUpdate: 	at java.util.concurrent.ThreadPoolExecutor$Worker.run(ThreadPoolExecutor.java:641)
08-10 13:41:47.558  6649 14823 W SystemUpdate: 	at java.lang.Thread.run(Thread.java:920)
08-10 13:41:47.577  6649 14823 I SystemUpdate: [Execution,ExecutionManager] Action pending executed for 0.02 seconds.
08-10 13:41:47.581  6649 14823 I SystemUpdate: [Execution,ExecutionManager] Action pre-download-validate executed for 0.00 seconds.
08-10 13:41:47.584  6649 14823 W SystemUpdate: [Execution,ExecutionManager] Unable to create the action. Restart the execution from the scratch.
08-10 13:41:47.584  6649 14823 W SystemUpdate: java.lang.IllegalStateException
08-10 13:41:47.584  6649 14823 W SystemUpdate: 	at advt.l(:com.google.android.gms@233013044@23.30.13 (190400-552628474):6)
08-10 13:41:47.584  6649 14823 W SystemUpdate: 	at cnyd.a(:com.google.android.gms@233013044@23.30.13 (190400-552628474):324)
08-10 13:41:47.584  6649 14823 W SystemUpdate: 	at com.google.android.gms.update.execution.InstallationIntentOperation.onHandleIntent(:com.google.android.gms@233013044@23.30.13 (190400-552628474):120)
08-10 13:41:47.584  6649 14823 W SystemUpdate: 	at com.google.android.chimera.IntentOperation.onHandleIntent(:com.google.android.gms@233013044@23.30.13 (190400-552628474):2)
08-10 13:41:47.584  6649 14823 W SystemUpdate: 	at ablm.onHandleIntent(:com.google.android.gms@233013044@23.30.13 (190400-552628474):10)
08-10 13:41:47.584  6649 14823 W SystemUpdate: 	at izw.run(:com.google.android.gms@233013044@23.30.13 (190400-552628474):70)
08-10 13:41:47.584  6649 14823 W SystemUpdate: 	at izv.run(:com.google.android.gms@233013044@23.30.13 (190400-552628474):152)
08-10 13:41:47.584  6649 14823 W SystemUpdate: 	at dlkq.run(:com.google.android.gms@233013044@23.30.13 (190400-552628474):13)
08-10 13:41:47.584  6649 14823 W SystemUpdate: 	at java.util.concurrent.ThreadPoolExecutor.runWorker(ThreadPoolExecutor.java:1167)
08-10 13:41:47.584  6649 14823 W SystemUpdate: 	at java.util.concurrent.ThreadPoolExecutor$Worker.run(ThreadPoolExecutor.java:641)
08-10 13:41:47.584  6649 14823 W SystemUpdate: 	at java.lang.Thread.run(Thread.java:920)
08-10 13:41:47.606  6649 14823 I SystemUpdate: [Execution,ExecutionManager] Action pending executed for 0.02 seconds.
08-10 13:41:47.613  6649 14823 I SystemUpdate: [Execution,ExecutionManager] Action pre-download-validate executed for 0.00 seconds.
08-10 13:41:47.621  6649 14823 W SystemUpdate: [Execution,ExecutionManager] Unable to create the action. Restart the execution from the scratch.
08-10 13:41:47.621  6649 14823 W SystemUpdate: java.lang.IllegalStateException
08-10 13:41:47.621  6649 14823 W SystemUpdate: 	at advt.l(:com.google.android.gms@233013044@23.30.13 (190400-552628474):6)
08-10 13:41:47.621  6649 14823 W SystemUpdate: 	at cnyd.a(:com.google.android.gms@233013044@23.30.13 (190400-552628474):324)
08-10 13:41:47.621  6649 14823 W SystemUpdate: 	at com.google.android.gms.update.execution.InstallationIntentOperation.onHandleIntent(:com.google.android.gms@233013044@23.30.13 (190400-552628474):120)
08-10 13:41:47.621  6649 14823 W SystemUpdate: 	at com.google.android.chimera.IntentOperation.onHandleIntent(:com.google.android.gms@233013044@23.30.13 (190400-552628474):2)
08-10 13:41:47.621  6649 14823 W SystemUpdate: 	at ablm.onHandleIntent(:com.google.android.gms@233013044@23.30.13 (190400-552628474):10)
08-10 13:41:47.621  6649 14823 W SystemUpdate: 	at izw.run(:com.google.android.gms@233013044@23.30.13 (190400-552628474):70)
08-10 13:41:47.621  6649 14823 W SystemUpdate: 	at izv.run(:com.google.android.gms@233013044@23.30.13 (190400-552628474):152)
08-10 13:41:47.621  6649 14823 W SystemUpdate: 	at dlkq.run(:com.google.android.gms@233013044@23.30.13 (190400-552628474):13)
08-10 13:41:47.621  6649 14823 W SystemUpdate: 	at java.util.concurrent.ThreadPoolExecutor.runWorker(ThreadPoolExecutor.java:1167)
08-10 13:41:47.621  6649 14823 W SystemUpdate: 	at java.util.concurrent.ThreadPoolExecutor$Worker.run(ThreadPoolExecutor.java:641)
08-10 13:41:47.621  6649 14823 W SystemUpdate: 	at java.lang.Thread.run(Thread.java:920)
08-10 13:41:47.640 19767 19767 D ProcessState: Binder ioctl to enable oneway spam detection failed: Invalid argument
08-10 13:41:47.642  6649 14823 I SystemUpdate: [Execution,ExecutionManager] Action pending executed for 0.02 seconds.
--------- beginning of system
08-10 13:41:47.643  4963  7312 I ActivityTaskManager: START u0 {flg=0x10000000 cmp=com.yashu.wonder/com.epicgames.unreal.SplashActivity} from uid 2000
08-10 13:41:47.647  4963  7312 W ActivityTaskManager: Can't find TaskDisplayArea to determine support for multi window. Task id=318 attached=false
08-10 13:41:47.647  6649 14823 I SystemUpdate: [Execution,ExecutionManager] Action pre-download-validate executed for 0.00 seconds.
08-10 13:41:47.649  4963  7312 D CompatibilityChangeReporter: Compat change id reported: 174042980; UID 10361; state: DISABLED
08-10 13:41:47.649  4963  7312 D CompatibilityChangeReporter: Compat change id reported: 184838306; UID 10361; state: DISABLED
08-10 13:41:47.650  4963  7312 D CompatibilityChangeReporter: Compat change id reported: 185004937; UID 10361; state: DISABLED
08-10 13:41:47.651  4963  7312 D CompatibilityChangeReporter: Compat change id reported: 181136395; UID 10361; state: DISABLED
08-10 13:41:47.652  4963  7312 D CompatibilityChangeReporter: Compat change id reported: 174042936; UID 10361; state: DISABLED
08-10 13:41:47.654  4610  4610 D android.hardware.power@1.3-service.samsung-libperfmgr: LAUNCH: 1
08-10 13:41:47.656  6649 14823 W SystemUpdate: [Execution,ExecutionManager] Unable to create the action. Restart the execution from the scratch.
08-10 13:41:47.656  6649 14823 W SystemUpdate: java.lang.IllegalStateException
08-10 13:41:47.656  6649 14823 W SystemUpdate: 	at advt.l(:com.google.android.gms@233013044@23.30.13 (190400-552628474):6)
08-10 13:41:47.656  6649 14823 W SystemUpdate: 	at cnyd.a(:com.google.android.gms@233013044@23.30.13 (190400-552628474):324)
08-10 13:41:47.656  6649 14823 W SystemUpdate: 	at com.google.android.gms.update.execution.InstallationIntentOperation.onHandleIntent(:com.google.android.gms@233013044@23.30.13 (190400-552628474):120)
08-10 13:41:47.656  6649 14823 W SystemUpdate: 	at com.google.android.chimera.IntentOperation.onHandleIntent(:com.google.android.gms@233013044@23.30.13 (190400-552628474):2)
08-10 13:41:47.656  6649 14823 W SystemUpdate: 	at ablm.onHandleIntent(:com.google.android.gms@233013044@23.30.13 (190400-552628474):10)
08-10 13:41:47.656  6649 14823 W SystemUpdate: 	at izw.run(:com.google.android.gms@233013044@23.30.13 (190400-552628474):70)
08-10 13:41:47.656  6649 14823 W SystemUpdate: 	at izv.run(:com.google.android.gms@233013044@23.30.13 (190400-552628474):152)
08-10 13:41:47.656  6649 14823 W SystemUpdate: 	at dlkq.run(:com.google.android.gms@233013044@23.30.13 (190400-552628474):13)
08-10 13:41:47.656  6649 14823 W SystemUpdate: 	at java.util.concurrent.ThreadPoolExecutor.runWorker(ThreadPoolExecutor.java:1167)
08-10 13:41:47.656  6649 14823 W SystemUpdate: 	at java.util.concurrent.ThreadPoolExecutor$Worker.run(ThreadPoolExecutor.java:641)
08-10 13:41:47.656  6649 14823 W SystemUpdate: 	at java.lang.Thread.run(Thread.java:920)
08-10 13:41:47.657  4578  4583 E statsd  : Predicate 5980654721335871649 dropping data for dimension key (10)0x2010101->10361[I] (10)0x30000->*launch*[S] 
08-10 13:41:47.689  5270  5384 D mali_winsys: EGLint new_window_surface(egl_winsys_display *, void *, EGLSurface, EGLConfig, egl_winsys_surface **, EGLBoolean) returns 0x3000
08-10 13:41:47.706  6649 14823 I SystemUpdate: [Execution,ExecutionManager] Action pending executed for 0.05 seconds.
08-10 13:41:47.719  6649 14823 I SystemUpdate: [Execution,ExecutionManager] Action pre-download-validate executed for 0.00 seconds.
08-10 13:41:47.730  6649 14823 W SystemUpdate: [Execution,ExecutionManager] Unable to create the action. Restart the execution from the scratch.
08-10 13:41:47.730  6649 14823 W SystemUpdate: java.lang.IllegalStateException
08-10 13:41:47.730  6649 14823 W SystemUpdate: 	at advt.l(:com.google.android.gms@233013044@23.30.13 (190400-552628474):6)
08-10 13:41:47.730  6649 14823 W SystemUpdate: 	at cnyd.a(:com.google.android.gms@233013044@23.30.13 (190400-552628474):324)
08-10 13:41:47.730  6649 14823 W SystemUpdate: 	at com.google.android.gms.update.execution.InstallationIntentOperation.onHandleIntent(:com.google.android.gms@233013044@23.30.13 (190400-552628474):120)
08-10 13:41:47.730  6649 14823 W SystemUpdate: 	at com.google.android.chimera.IntentOperation.onHandleIntent(:com.google.android.gms@233013044@23.30.13 (190400-552628474):2)
08-10 13:41:47.730  6649 14823 W SystemUpdate: 	at ablm.onHandleIntent(:com.google.android.gms@233013044@23.30.13 (190400-552628474):10)
08-10 13:41:47.730  6649 14823 W SystemUpdate: 	at izw.run(:com.google.android.gms@233013044@23.30.13 (190400-552628474):70)
08-10 13:41:47.730  6649 14823 W SystemUpdate: 	at izv.run(:com.google.android.gms@233013044@23.30.13 (190400-552628474):152)
08-10 13:41:47.730  6649 14823 W SystemUpdate: 	at dlkq.run(:com.google.android.gms@233013044@23.30.13 (190400-552628474):13)
08-10 13:41:47.730  6649 14823 W SystemUpdate: 	at java.util.concurrent.ThreadPoolExecutor.runWorker(ThreadPoolExecutor.java:1167)
08-10 13:41:47.730  6649 14823 W SystemUpdate: 	at java.util.concurrent.ThreadPoolExecutor$Worker.run(ThreadPoolExecutor.java:641)
08-10 13:41:47.730  6649 14823 W SystemUpdate: 	at java.lang.Thread.run(Thread.java:920)
08-10 13:41:47.753 19616 19773 D libEGL  : loaded /vendor/lib64/egl/libGLES_mali.so
08-10 13:41:47.757  6649 14823 I SystemUpdate: [Execution,ExecutionManager] Action pending executed for 0.03 seconds.
08-10 13:41:47.759  6405  6405 I docq    : onPause
08-10 13:41:47.761  6649 14823 I SystemUpdate: [Execution,ExecutionManager] Action pre-download-validate executed for 0.00 seconds.
08-10 13:41:47.763  6178  6178 I glkf    : (REDACTED) received broadcast: %s
08-10 13:41:47.763  6178  6806 I glki    : (REDACTED) received broadcast: %s
08-10 13:41:47.764  6178  6806 I glff    : (REDACTED) #onConfigUpdate. requester: %s
08-10 13:41:47.764  6178  6803 I glff    : #onConfigUpdate inside sequencer
08-10 13:41:47.764  6178  6803 I glca    : (REDACTED) Voice Match (Speaker-id) supported : %b 
08-10 13:41:47.764  6178  6803 I glca    : (REDACTED) hotword enrollment state is enrolled:  %b, speakerId model exist: %b. Voice Match supported : %b 
08-10 13:41:47.764  6178  6803 I glca    : (REDACTED) isHotwordAvailable():  %b, isHotwordEnabled() %b 
08-10 13:41:47.764  6178  6803 I glca    : (REDACTED) isHotwordAvailable():  %b, isHotwordEnabled() %b 
08-10 13:41:47.764  6178  6803 I glca    : (REDACTED) Hotword enrollment state : %s.
08-10 13:41:47.764  6178  6803 I glca    : (REDACTED) Voice Match (Speaker-id) supported : %b 
08-10 13:41:47.764  6178  6803 I glca    : (REDACTED) Voice Match (Speaker-id) supported : %b 
08-10 13:41:47.764  6178  6803 I glca    : (REDACTED) hotword enrollment state is enrolled:  %b, speakerId model exist: %b, voice match supported : %b
08-10 13:41:47.765  6178  6803 I glca    : (REDACTED) Hotword isNonVoiceMatchHotwordEnabled: %b, isHotwordAvailable : %b, isHotwordEnabled : %b, isVoiceMatchSupported: %b, isHotwordEnrolled: %b.
08-10 13:41:47.765  6178  6803 I glff    : (REDACTED) Ignore the legacy hotword request. voice match enabled %b, isHotwordSupported %b, isIncompleteEnrollmentState %b, nonVoiceMatchHotwordEnabled %b
08-10 13:41:47.765  6649 14823 W SystemUpdate: [Execution,ExecutionManager] Unable to create the action. Restart the execution from the scratch.
08-10 13:41:47.765  6649 14823 W SystemUpdate: java.lang.IllegalStateException
08-10 13:41:47.765  6649 14823 W SystemUpdate: 	at advt.l(:com.google.android.gms@233013044@23.30.13 (190400-552628474):6)
08-10 13:41:47.765  6649 14823 W SystemUpdate: 	at cnyd.a(:com.google.android.gms@233013044@23.30.13 (190400-552628474):324)
08-10 13:41:47.765  6649 14823 W SystemUpdate: 	at com.google.android.gms.update.execution.InstallationIntentOperation.onHandleIntent(:com.google.android.gms@233013044@23.30.13 (190400-552628474):120)
08-10 13:41:47.765  6649 14823 W SystemUpdate: 	at com.google.android.chimera.IntentOperation.onHandleIntent(:com.google.android.gms@233013044@23.30.13 (190400-552628474):2)
08-10 13:41:47.765  6649 14823 W SystemUpdate: 	at ablm.onHandleIntent(:com.google.android.gms@233013044@23.30.13 (190400-552628474):10)
08-10 13:41:47.765  6649 14823 W SystemUpdate: 	at izw.run(:com.google.android.gms@233013044@23.30.13 (190400-552628474):70)
08-10 13:41:47.765  6649 14823 W SystemUpdate: 	at izv.run(:com.google.android.gms@233013044@23.30.13 (190400-552628474):152)
08-10 13:41:47.765  6649 14823 W SystemUpdate: 	at dlkq.run(:com.google.android.gms@233013044@23.30.13 (190400-552628474):13)
08-10 13:41:47.765  6649 14823 W SystemUpdate: 	at java.util.concurrent.ThreadPoolExecutor.runWorker(ThreadPoolExecutor.java:1167)
08-10 13:41:47.765  6649 14823 W SystemUpdate: 	at java.util.concurrent.ThreadPoolExecutor$Worker.run(ThreadPoolExecutor.java:641)
08-10 13:41:47.765  6649 14823 W SystemUpdate: 	at java.lang.Thread.run(Thread.java:920)
08-10 13:41:47.774  4963  6923 I ActivityTaskManager: START u0 {flg=0x10000 cmp=com.yashu.wonder/com.epicgames.unreal.GameActivity (has extras)} from uid 10361
08-10 13:41:47.776  4610  4610 D android.hardware.power@1.3-service.samsung-libperfmgr: LAUNCH: 1
08-10 13:41:47.783  6649 14823 I SystemUpdate: [Execution,ExecutionManager] Action pending executed for 0.02 seconds.
08-10 13:41:47.787  4963  7463 W ActivityTaskManager: Tried to set launchTime (0) < mLastActivityLaunchTime (38813459)
08-10 13:41:47.789  6649 14823 I SystemUpdate: [Execution,ExecutionManager] Action pre-download-validate executed for 0.00 seconds.
08-10 13:41:47.793  6649 14823 W SystemUpdate: [Execution,ExecutionManager] Unable to create the action. Restart the execution from the scratch.
08-10 13:41:47.793  6649 14823 W SystemUpdate: java.lang.IllegalStateException
08-10 13:41:47.793  6649 14823 W SystemUpdate: 	at advt.l(:com.google.android.gms@233013044@23.30.13 (190400-552628474):6)
08-10 13:41:47.793  6649 14823 W SystemUpdate: 	at cnyd.a(:com.google.android.gms@233013044@23.30.13 (190400-552628474):324)
08-10 13:41:47.793  6649 14823 W SystemUpdate: 	at com.google.android.gms.update.execution.InstallationIntentOperation.onHandleIntent(:com.google.android.gms@233013044@23.30.13 (190400-552628474):120)
08-10 13:41:47.793  6649 14823 W SystemUpdate: 	at com.google.android.chimera.IntentOperation.onHandleIntent(:com.google.android.gms@233013044@23.30.13 (190400-552628474):2)
08-10 13:41:47.793  6649 14823 W SystemUpdate: 	at ablm.onHandleIntent(:com.google.android.gms@233013044@23.30.13 (190400-552628474):10)
08-10 13:41:47.793  6649 14823 W SystemUpdate: 	at izw.run(:com.google.android.gms@233013044@23.30.13 (190400-552628474):70)
08-10 13:41:47.793  6649 14823 W SystemUpdate: 	at izv.run(:com.google.android.gms@233013044@23.30.13 (190400-552628474):152)
08-10 13:41:47.793  6649 14823 W SystemUpdate: 	at dlkq.run(:com.google.android.gms@233013044@23.30.13 (190400-552628474):13)
08-10 13:41:47.793  6649 14823 W SystemUpdate: 	at java.util.concurrent.ThreadPoolExecutor.runWorker(ThreadPoolExecutor.java:1167)
08-10 13:41:47.793  6649 14823 W SystemUpdate: 	at java.util.concurrent.ThreadPoolExecutor$Worker.run(ThreadPoolExecutor.java:641)
08-10 13:41:47.793  6649 14823 W SystemUpdate: 	at java.lang.Thread.run(Thread.java:920)
08-10 13:41:47.811 19616 19775 D UE      : Entering native app glue main function
08-10 13:41:47.812 19616 19775 D UE      : Created event thread
08-10 13:41:47.812 19616 19775 D UE      : Entered AndroidMain()
08-10 13:41:47.812 19616 19776 D UE      : Entering event processing thread engine entry point
08-10 13:41:47.812 19616 19776 D UE      : Prepared looper for event thread
08-10 13:41:47.812 19616 19776 D UE      : Passed callback initialization
08-10 13:41:47.812 19616 19776 D UE      : Passed sensor initialization
08-10 13:41:47.814 19616 19775 D UE      : Controller interface supported
08-10 13:41:47.815  4963  6923 W ServiceManager: Permission failure: android.permission.HIGH_SAMPLING_RATE_SENSORS from uid=10361 pid=19616
08-10 13:41:47.815  6649 14823 I SystemUpdate: [Execution,ExecutionManager] Action pending executed for 0.02 seconds.
08-10 13:41:47.821  6649 14823 I SystemUpdate: [Execution,ExecutionManager] Action pre-download-validate executed for 0.00 seconds.
08-10 13:41:47.825  6649 14823 W SystemUpdate: [Execution,ExecutionManager] Unable to create the action. Restart the execution from the scratch.
08-10 13:41:47.825  6649 14823 W SystemUpdate: java.lang.IllegalStateException
08-10 13:41:47.825  6649 14823 W SystemUpdate: 	at advt.l(:com.google.android.gms@233013044@23.30.13 (190400-552628474):6)
08-10 13:41:47.825  6649 14823 W SystemUpdate: 	at cnyd.a(:com.google.android.gms@233013044@23.30.13 (190400-552628474):324)
08-10 13:41:47.825  6649 14823 W SystemUpdate: 	at com.google.android.gms.update.execution.InstallationIntentOperation.onHandleIntent(:com.google.android.gms@233013044@23.30.13 (190400-552628474):120)
08-10 13:41:47.825  6649 14823 W SystemUpdate: 	at com.google.android.chimera.IntentOperation.onHandleIntent(:com.google.android.gms@233013044@23.30.13 (190400-552628474):2)
08-10 13:41:47.825  6649 14823 W SystemUpdate: 	at ablm.onHandleIntent(:com.google.android.gms@233013044@23.30.13 (190400-552628474):10)
08-10 13:41:47.825  6649 14823 W SystemUpdate: 	at izw.run(:com.google.android.gms@233013044@23.30.13 (190400-552628474):70)
08-10 13:41:47.825  6649 14823 W SystemUpdate: 	at izv.run(:com.google.android.gms@233013044@23.30.13 (190400-552628474):152)
08-10 13:41:47.825  6649 14823 W SystemUpdate: 	at dlkq.run(:com.google.android.gms@233013044@23.30.13 (190400-552628474):13)
08-10 13:41:47.825  6649 14823 W SystemUpdate: 	at java.util.concurrent.ThreadPoolExecutor.runWorker(ThreadPoolExecutor.java:1167)
08-10 13:41:47.825  6649 14823 W SystemUpdate: 	at java.util.concurrent.ThreadPoolExecutor$Worker.run(ThreadPoolExecutor.java:641)
08-10 13:41:47.825  6649 14823 W SystemUpdate: 	at java.lang.Thread.run(Thread.java:920)
08-10 13:41:47.840  4963  6923 W WindowManager: Failed looking up window session=Session{43e8d9f 19616:u0a10361} callers=com.android.server.wm.WindowManagerService.windowForClientLocked:5610 com.android.server.wm.Session.insetsModified:629 android.view.IWindowSession$Stub.onTransact:1151 
08-10 13:41:47.841  6649 14823 I SystemUpdate: [Execution,ExecutionManager] Action pending executed for 0.02 seconds.
08-10 13:41:47.843  6649 14823 I SystemUpdate: [Execution,ExecutionManager] Action pre-download-validate executed for 0.00 seconds.
08-10 13:41:47.845 19616 19616 D UE      : [GameActivity] Target SDK is 28.  This may cause issues if permissions are denied by the user.
08-10 13:41:47.846  6649 14823 W SystemUpdate: [Execution,ExecutionManager] Unable to create the action. Restart the execution from the scratch.
08-10 13:41:47.846  6649 14823 W SystemUpdate: java.lang.IllegalStateException
08-10 13:41:47.846  6649 14823 W SystemUpdate: 	at advt.l(:com.google.android.gms@233013044@23.30.13 (190400-552628474):6)
08-10 13:41:47.846  6649 14823 W SystemUpdate: 	at cnyd.a(:com.google.android.gms@233013044@23.30.13 (190400-552628474):324)
08-10 13:41:47.846  6649 14823 W SystemUpdate: 	at com.google.android.gms.update.execution.InstallationIntentOperation.onHandleIntent(:com.google.android.gms@233013044@23.30.13 (190400-552628474):120)
08-10 13:41:47.846  6649 14823 W SystemUpdate: 	at com.google.android.chimera.IntentOperation.onHandleIntent(:com.google.android.gms@233013044@23.30.13 (190400-552628474):2)
08-10 13:41:47.846  6649 14823 W SystemUpdate: 	at ablm.onHandleIntent(:com.google.android.gms@233013044@23.30.13 (190400-552628474):10)
08-10 13:41:47.846  6649 14823 W SystemUpdate: 	at izw.run(:com.google.android.gms@233013044@23.30.13 (190400-552628474):70)
08-10 13:41:47.846  6649 14823 W SystemUpdate: 	at izv.run(:com.google.android.gms@233013044@23.30.13 (190400-552628474):152)
08-10 13:41:47.846  6649 14823 W SystemUpdate: 	at dlkq.run(:com.google.android.gms@233013044@23.30.13 (190400-552628474):13)
08-10 13:41:47.846  6649 14823 W SystemUpdate: 	at java.util.concurrent.ThreadPoolExecutor.runWorker(ThreadPoolExecutor.java:1167)
08-10 13:41:47.846  6649 14823 W SystemUpdate: 	at java.util.concurrent.ThreadPoolExecutor$Worker.run(ThreadPoolExecutor.java:641)
08-10 13:41:47.846  6649 14823 W SystemUpdate: 	at java.lang.Thread.run(Thread.java:920)
08-10 13:41:47.846 19616 19616 E PermissionHelper: GVRTransition2DActivity.getActivity() failed. Trying to get GameActivity.
08-10 13:41:47.847 19616 19616 D PermissionHelper: checkPermission: android.permission.WRITE_EXTERNAL_STORAGE has granted
08-10 13:41:47.850 19616 19616 D UE      : [GameActivity] Vulkan version: 1.1.0
08-10 13:41:47.850 19616 19616 D UE      : [GameActivity] Vulkan level: 1
08-10 13:41:47.850 19616 19616 D UE      : [GameActivity] Found DepthBufferPreference = 0
08-10 13:41:47.850 19616 19616 D UE      : [GameActivity] Found PropagateAlpha = 0
08-10 13:41:47.850 19616 19616 D UE      : [GameActivity] Found bPackageDataInsideApk = 0
08-10 13:41:47.850 19616 19616 D UE      : [GameActivity] Found ProjectName = ARProject5_1
08-10 13:41:47.850 19616 19616 D UE      : [GameActivity] Found AppType = 
08-10 13:41:47.851 19616 19616 D UE      : [GameActivity] Found bHasOBBFiles = 0
08-10 13:41:47.851 19616 19616 D UE      : [GameActivity] Found bVerifyOBBOnStartUp = false
08-10 13:41:47.851 19616 19616 D UE      : [GameActivity] UI hiding set to true
08-10 13:41:47.851 19616 19616 D UE      : [GameActivity] BuildConfiguration set to Development
08-10 13:41:47.851 19616 19616 D UE      : [GameActivity] UseExternalFilesDir set to true
08-10 13:41:47.851 19616 19616 D UE      : [GameActivity] PublicLogFiles set to false
08-10 13:41:47.851 19616 19616 D UE      : [GameActivity] AllowIMU set to false
08-10 13:41:47.851 19616 19616 D UE      : [GameActivity] SupportsVulkan set to false
08-10 13:41:47.853 19616 19616 D UE      : [GameActivity] Using commandline from: /storage/emulated/0/Android/data/com.yashu.wonder/files/UnrealGame/ARProject5_1/UECommandLine.txt
08-10 13:41:47.853 19616 19616 D UE      : [GameActivity] Parsing commandline: ../../../ARProject5_1/ARProject5_1.uproject /Game/OM/AR_Inteface -filehostip=127.0.0.1+192.168.137.1+192.168.1.193 -Messaging -CrashForUAT -SessionId=A7B8DD6B4A51F8F9219E17841429B2FF -SessionOwner="Yashu" -SessionName="Launch On Device"
08-10 13:41:47.859  6649 14823 I SystemUpdate: [Execution,ExecutionManager] Action pending executed for 0.01 seconds.
08-10 13:41:47.862  6649 14823 I SystemUpdate: [Execution,ExecutionManager] Action pre-download-validate executed for 0.00 seconds.
08-10 13:41:47.865  6649 14823 W SystemUpdate: [Execution,ExecutionManager] Unable to create the action. Restart the execution from the scratch.
08-10 13:41:47.865  6649 14823 W SystemUpdate: java.lang.IllegalStateException
08-10 13:41:47.865  6649 14823 W SystemUpdate: 	at advt.l(:com.google.android.gms@233013044@23.30.13 (190400-552628474):6)
08-10 13:41:47.865  6649 14823 W SystemUpdate: 	at cnyd.a(:com.google.android.gms@233013044@23.30.13 (190400-552628474):324)
08-10 13:41:47.865  6649 14823 W SystemUpdate: 	at com.google.android.gms.update.execution.InstallationIntentOperation.onHandleIntent(:com.google.android.gms@233013044@23.30.13 (190400-552628474):120)
08-10 13:41:47.865  6649 14823 W SystemUpdate: 	at com.google.android.chimera.IntentOperation.onHandleIntent(:com.google.android.gms@233013044@23.30.13 (190400-552628474):2)
08-10 13:41:47.865  6649 14823 W SystemUpdate: 	at ablm.onHandleIntent(:com.google.android.gms@233013044@23.30.13 (190400-552628474):10)
08-10 13:41:47.865  6649 14823 W SystemUpdate: 	at izw.run(:com.google.android.gms@233013044@23.30.13 (190400-552628474):70)
08-10 13:41:47.865  6649 14823 W SystemUpdate: 	at izv.run(:com.google.android.gms@233013044@23.30.13 (190400-552628474):152)
08-10 13:41:47.865  6649 14823 W SystemUpdate: 	at dlkq.run(:com.google.android.gms@233013044@23.30.13 (190400-552628474):13)
08-10 13:41:47.865  6649 14823 W SystemUpdate: 	at java.util.concurrent.ThreadPoolExecutor.runWorker(ThreadPoolExecutor.java:1167)
08-10 13:41:47.865  6649 14823 W SystemUpdate: 	at java.util.concurrent.ThreadPoolExecutor$Worker.run(ThreadPoolExecutor.java:641)
08-10 13:41:47.865  6649 14823 W SystemUpdate: 	at java.lang.Thread.run(Thread.java:920)
08-10 13:41:47.880 19616 19616 D UE      : [GameActivity] ro.hardware: samsungexynos9810
08-10 13:41:47.880 19616 19616 D UE      : [GameActivity] Hardware: samsungexynos9810
08-10 13:41:47.880 19616 19616 D UE      : [GameActivity] Memory: 5657 MB
08-10 13:41:47.882 19616 19616 D UE      : [GameActivity] failed to get bytes from asset java.io.FileNotFoundException: configrules.bin.png
08-10 13:41:47.883  6649 14823 I SystemUpdate: [Execution,ExecutionManager] Action pending executed for 0.02 seconds.
08-10 13:41:47.884 19616 19616 D UE      : [GameActivity] configrulesversion: no data
08-10 13:41:47.884 19616 19616 D UE      : [GameActivity] configrulesversion: no data
08-10 13:41:47.884 19616 19616 D UE      : [GameActivity] configrulesversion: no data
08-10 13:41:47.884 19616 19616 D UE      : [GameActivity] UseAffinity: false
08-10 13:41:47.884 19616 19616 D UE      : [GameActivity] BigCoreMask: 0xffff
08-10 13:41:47.884 19616 19616 D UE      : [GameActivity] LittleCoreMask: 0x0
08-10 13:41:47.885 19616 19616 D UE      : [GameActivity] APK path: /data/app/~~1h9Z9fBPrfXOUa6_uEhr_Q==/com.yashu.wonder-SYxXlgUcg0Vs_-egunctRw==/base.apk
08-10 13:41:47.885 19616 19616 D UE      : [GameActivity] OBB in APK: false
08-10 13:41:47.886 19616 19616 D UE      : GFilePathBase Path override to'/storage/emulated/0/Android/data/com.yashu.wonder/files'
08-10 13:41:47.886 19616 19616 D UE      : InternalFilePath found as '/data/user/0/com.yashu.wonder/files'
08-10 13:41:47.886 19616 19616 D UE      : ExternalFilePath found as '/storage/emulated/0/Android/data/com.yashu.wonder/files'
08-10 13:41:47.886 19616 19616 D UE      : App is running in Portrait
08-10 13:41:47.886 19616 19616 D UE      : AndroidPropagateAlpha =  0
08-10 13:41:47.886 19616 19616 D UE      : [GameActivity] Android version is 12
08-10 13:41:47.886 19616 19616 D UE      : [GameActivity] Android manufacturer is samsung
08-10 13:41:47.886 19616 19616 D UE      : [GameActivity] Android model is SM-G965F
08-10 13:41:47.886 19616 19616 D UE      : [GameActivity] Android build number is SQ1D.220105.007
08-10 13:41:47.886 19616 19616 D UE      : [GameActivity] OS language is set to en_AU
08-10 13:41:47.886 19616 19616 D UE      : [GameActivity] Debugger attached is false
08-10 13:41:47.887  6649 14823 I SystemUpdate: [Execution,ExecutionManager] Action pre-download-validate executed for 0.00 seconds.
08-10 13:41:47.890  6649 14823 W SystemUpdate: [Execution,ExecutionManager] Unable to create the action. Restart the execution from the scratch.
08-10 13:41:47.890  6649 14823 W SystemUpdate: java.lang.IllegalStateException
08-10 13:41:47.890  6649 14823 W SystemUpdate: 	at advt.l(:com.google.android.gms@233013044@23.30.13 (190400-552628474):6)
08-10 13:41:47.890  6649 14823 W SystemUpdate: 	at cnyd.a(:com.google.android.gms@233013044@23.30.13 (190400-552628474):324)
08-10 13:41:47.890  6649 14823 W SystemUpdate: 	at com.google.android.gms.update.execution.InstallationIntentOperation.onHandleIntent(:com.google.android.gms@233013044@23.30.13 (190400-552628474):120)
08-10 13:41:47.890  6649 14823 W SystemUpdate: 	at com.google.android.chimera.IntentOperation.onHandleIntent(:com.google.android.gms@233013044@23.30.13 (190400-552628474):2)
08-10 13:41:47.890  6649 14823 W SystemUpdate: 	at ablm.onHandleIntent(:com.google.android.gms@233013044@23.30.13 (190400-552628474):10)
08-10 13:41:47.890  6649 14823 W SystemUpdate: 	at izw.run(:com.google.android.gms@233013044@23.30.13 (190400-552628474):70)
08-10 13:41:47.890  6649 14823 W SystemUpdate: 	at izv.run(:com.google.android.gms@233013044@23.30.13 (190400-552628474):152)
08-10 13:41:47.890  6649 14823 W SystemUpdate: 	at dlkq.run(:com.google.android.gms@233013044@23.30.13 (190400-552628474):13)
08-10 13:41:47.890  6649 14823 W SystemUpdate: 	at java.util.concurrent.ThreadPoolExecutor.runWorker(ThreadPoolExecutor.java:1167)
08-10 13:41:47.890  6649 14823 W SystemUpdate: 	at java.util.concurrent.ThreadPoolExecutor$Worker.run(ThreadPoolExecutor.java:641)
08-10 13:41:47.890  6649 14823 W SystemUpdate: 	at java.lang.Thread.run(Thread.java:920)
08-10 13:41:47.896 19616 19777 D UE      : [GameActivity] --- memstats:
08-10 13:41:47.897 19616 19777 D UE      : [GameActivity] memstat: Used memory:  (updated): 190503
08-10 13:41:47.897 19616 19777 D UE      : [GameActivity] memstat: VmSize:	15234572 kB
08-10 13:41:47.897 19616 19777 D UE      : [GameActivity] memstat: VmHWM:	  282528 kB
08-10 13:41:47.898 19616 19777 D UE      : [GameActivity] memstat: VmRSS:	  282528 kB
08-10 13:41:47.898 19616 19777 D UE      : [GameActivity] memstat: VmData:	 1347904 kB
08-10 13:41:47.898 19616 19777 D UE      : [GameActivity] memstat: VmSwap:	   17456 kB
08-10 13:41:47.913  6649 14823 I SystemUpdate: [Execution,ExecutionManager] Action pending executed for 0.02 seconds.
08-10 13:41:47.917  6649 14823 I SystemUpdate: [Execution,ExecutionManager] Action pre-download-validate executed for 0.00 seconds.
08-10 13:41:47.920  6649 14823 W SystemUpdate: [Execution,ExecutionManager] Unable to create the action. Restart the execution from the scratch.
08-10 13:41:47.920  6649 14823 W SystemUpdate: java.lang.IllegalStateException
08-10 13:41:47.920  6649 14823 W SystemUpdate: 	at advt.l(:com.google.android.gms@233013044@23.30.13 (190400-552628474):6)
08-10 13:41:47.920  6649 14823 W SystemUpdate: 	at cnyd.a(:com.google.android.gms@233013044@23.30.13 (190400-552628474):324)
08-10 13:41:47.920  6649 14823 W SystemUpdate: 	at com.google.android.gms.update.execution.InstallationIntentOperation.onHandleIntent(:com.google.android.gms@233013044@23.30.13 (190400-552628474):120)
08-10 13:41:47.920  6649 14823 W SystemUpdate: 	at com.google.android.chimera.IntentOperation.onHandleIntent(:com.google.android.gms@233013044@23.30.13 (190400-552628474):2)
08-10 13:41:47.920  6649 14823 W SystemUpdate: 	at ablm.onHandleIntent(:com.google.android.gms@233013044@23.30.13 (190400-552628474):10)
08-10 13:41:47.920  6649 14823 W SystemUpdate: 	at izw.run(:com.google.android.gms@233013044@23.30.13 (190400-552628474):70)
08-10 13:41:47.920  6649 14823 W SystemUpdate: 	at izv.run(:com.google.android.gms@233013044@23.30.13 (190400-552628474):152)
08-10 13:41:47.920  6649 14823 W SystemUpdate: 	at dlkq.run(:com.google.android.gms@233013044@23.30.13 (190400-552628474):13)
08-10 13:41:47.920  6649 14823 W SystemUpdate: 	at java.util.concurrent.ThreadPoolExecutor.runWorker(ThreadPoolExecutor.java:1167)
08-10 13:41:47.920  6649 14823 W SystemUpdate: 	at java.util.concurrent.ThreadPoolExecutor$Worker.run(ThreadPoolExecutor.java:641)
08-10 13:41:47.920  6649 14823 W SystemUpdate: 	at java.lang.Thread.run(Thread.java:920)
08-10 13:41:47.932  6649 14823 I SystemUpdate: [Execution,ExecutionManager] Action pending executed for 0.01 seconds.
08-10 13:41:47.935  6649 14823 I SystemUpdate: [Execution,ExecutionManager] Action pre-download-validate executed for 0.00 seconds.
08-10 13:41:47.939 19616 19616 D UE      : [GameActivity] GoogleApiClient exception caught: java.lang.IllegalArgumentException: must call addApi() to add at least one API
08-10 13:41:47.939 19616 19616 D UE      : [GameActivity] googleClient is disabled
08-10 13:41:47.940 19616 19616 D UE      : [GameActivity] ==============> GameActive.onCreate complete!
08-10 13:41:47.940  6649 14823 W SystemUpdate: [Execution,ExecutionManager] Unable to create the action. Restart the execution from the scratch.
08-10 13:41:47.940  6649 14823 W SystemUpdate: java.lang.IllegalStateException
08-10 13:41:47.940  6649 14823 W SystemUpdate: 	at advt.l(:com.google.android.gms@233013044@23.30.13 (190400-552628474):6)
08-10 13:41:47.940  6649 14823 W SystemUpdate: 	at cnyd.a(:com.google.android.gms@233013044@23.30.13 (190400-552628474):324)
08-10 13:41:47.940  6649 14823 W SystemUpdate: 	at com.google.android.gms.update.execution.InstallationIntentOperation.onHandleIntent(:com.google.android.gms@233013044@23.30.13 (190400-552628474):120)
08-10 13:41:47.940  6649 14823 W SystemUpdate: 	at com.google.android.chimera.IntentOperation.onHandleIntent(:com.google.android.gms@233013044@23.30.13 (190400-552628474):2)
08-10 13:41:47.940  6649 14823 W SystemUpdate: 	at ablm.onHandleIntent(:com.google.android.gms@233013044@23.30.13 (190400-552628474):10)
08-10 13:41:47.940  6649 14823 W SystemUpdate: 	at izw.run(:com.google.android.gms@233013044@23.30.13 (190400-552628474):70)
08-10 13:41:47.940  6649 14823 W SystemUpdate: 	at izv.run(:com.google.android.gms@233013044@23.30.13 (190400-552628474):152)
08-10 13:41:47.940  6649 14823 W SystemUpdate: 	at dlkq.run(:com.google.android.gms@233013044@23.30.13 (190400-552628474):13)
08-10 13:41:47.940  6649 14823 W SystemUpdate: 	at java.util.concurrent.ThreadPoolExecutor.runWorker(ThreadPoolExecutor.java:1167)
08-10 13:41:47.940  6649 14823 W SystemUpdate: 	at java.util.concurrent.ThreadPoolExecutor$Worker.run(ThreadPoolExecutor.java:641)
08-10 13:41:47.940  6649 14823 W SystemUpdate: 	at java.lang.Thread.run(Thread.java:920)
08-10 13:41:47.946 19616 19776 D UE      : LogAndroidEvents::EnqueueAppEvent : 9, [width=-1, height=-1], tid = 19776, APP_EVENT_STATE_ON_START
08-10 13:41:47.946 19616 19616 D UE      : [GameActivity] Creating console command broadcast listener
08-10 13:41:47.949 19616 19616 D UE      : [GameActivity] ==================================> Inside onStart function in GameActivity
08-10 13:41:47.949 19616 19616 V UE      : [GameApp] App in foreground
08-10 13:41:47.950 19616 19776 D UE      : Case APP_CMD_RESUME
08-10 13:41:47.950 19616 19616 D UE      : [GameActivity] === Restoring Transparent Bars ===
08-10 13:41:47.950 19616 19776 D UE      : LogAndroidEvents::EnqueueAppEvent : 7, [width=-1, height=-1], tid = 19776, APP_EVENT_STATE_ON_RESUME
08-10 13:41:47.951 19616 19616 D UE      : [GameActivity] ==============> [JAVA] AndroidThunkJava_KeepScreenOn(false) - Enabled screen saver
08-10 13:41:47.951 19616 19616 D UE      : [GameActivity] ==============> [JAVA] AndroidThunkJava_DisableScreenCapture(false) - Enabled screen captures
08-10 13:41:47.951 19616 19616 D UE      : App is running in Portrait
08-10 13:41:47.951 19616 19616 D UE      : AndroidPropagateAlpha =  0
08-10 13:41:47.951 19616 19616 D UE      : [GameActivity] === Restoring Transparent Bars ===
08-10 13:41:47.951 19616 19616 D UE      : [GameActivity] ==============> Resuming main init
08-10 13:41:47.957  6649 14823 I SystemUpdate: [Execution,ExecutionManager] Action pending executed for 0.02 seconds.
08-10 13:41:47.958 19616 19775 D UE      : APK Commandline: ../../../ARProject5_1/ARProject5_1.uproject /Game/OM/AR_Inteface -Messaging -SessionId=A7B8DD6B4A51F8F9219E17841429B2FF -SessionOwner="Yashu" -SessionName="Launch On Device"   -filehostip=127.0.0.1+192.168.137.1+192.168.1.193
08-10 13:41:47.958 19616 19775 D UE      : Using override commandline file: /storage/emulated/0/Android/data/com.yashu.wonder/files/UnrealGame/ARProject5_1/UECommandLine.txt
08-10 13:41:47.958 19616 19775 D UE      : Override Commandline: ../../../ARProject5_1/ARProject5_1.uproject /Game/OM/AR_Inteface -filehostip=127.0.0.1+192.168.137.1+192.168.1.193 -Messaging -CrashForUAT -SessionId=A7B8DD6B4A51F8F9219E17841429B2FF -SessionOwner="Yashu" -SessionName="Launch On Device"
08-10 13:41:47.958 19616 19775 D UE      : Final commandline: ../../../ARProject5_1/ARProject5_1.uproject /Game/OM/AR_Inteface -filehostip=127.0.0.1+192.168.137.1+192.168.1.193 -Messaging -CrashForUAT -SessionId=A7B8DD6B4A51F8F9219E17841429B2FF -SessionOwner="Yashu" -SessionName="Launch On Device"
08-10 13:41:47.958 19616 19775 D UE      : Created sync event
08-10 13:41:47.960  6649 14823 I SystemUpdate: [Execution,ExecutionManager] Action pre-download-validate executed for 0.00 seconds.
08-10 13:41:47.962 19616 19616 D UE      : [GameActivity] ==============> GameActive.onResume complete!
08-10 13:41:47.964  6649 14823 W SystemUpdate: [Execution,ExecutionManager] Unable to create the action. Restart the execution from the scratch.
08-10 13:41:47.964  6649 14823 W SystemUpdate: java.lang.IllegalStateException
08-10 13:41:47.964  6649 14823 W SystemUpdate: 	at advt.l(:com.google.android.gms@233013044@23.30.13 (190400-552628474):6)
08-10 13:41:47.964  6649 14823 W SystemUpdate: 	at cnyd.a(:com.google.android.gms@233013044@23.30.13 (190400-552628474):324)
08-10 13:41:47.964  6649 14823 W SystemUpdate: 	at com.google.android.gms.update.execution.InstallationIntentOperation.onHandleIntent(:com.google.android.gms@233013044@23.30.13 (190400-552628474):120)
08-10 13:41:47.964  6649 14823 W SystemUpdate: 	at com.google.android.chimera.IntentOperation.onHandleIntent(:com.google.android.gms@233013044@23.30.13 (190400-552628474):2)
08-10 13:41:47.964  6649 14823 W SystemUpdate: 	at ablm.onHandleIntent(:com.google.android.gms@233013044@23.30.13 (190400-552628474):10)
08-10 13:41:47.964  6649 14823 W SystemUpdate: 	at izw.run(:com.google.android.gms@233013044@23.30.13 (190400-552628474):70)
08-10 13:41:47.964  6649 14823 W SystemUpdate: 	at izv.run(:com.google.android.gms@233013044@23.30.13 (190400-552628474):152)
08-10 13:41:47.964  6649 14823 W SystemUpdate: 	at dlkq.run(:com.google.android.gms@233013044@23.30.13 (190400-552628474):13)
08-10 13:41:47.964  6649 14823 W SystemUpdate: 	at java.util.concurrent.ThreadPoolExecutor.runWorker(ThreadPoolExecutor.java:1167)
08-10 13:41:47.964  6649 14823 W SystemUpdate: 	at java.util.concurrent.ThreadPoolExecutor$Worker.run(ThreadPoolExecutor.java:641)
08-10 13:41:47.964  6649 14823 W SystemUpdate: 	at java.lang.Thread.run(Thread.java:920)
08-10 13:41:47.970  4963  7463 W WindowManager: Failed looking up window session=Session{43e8d9f 19616:u0a10361} callers=com.android.server.wm.WindowManagerService.windowForClientLocked:5610 com.android.server.wm.Session.insetsModified:629 android.view.IWindowSession$Stub.onTransact:1151 
08-10 13:41:47.981  6649 14823 I SystemUpdate: [Execution,ExecutionManager] Action pending executed for 0.02 seconds.
08-10 13:41:47.985  6649 14823 I SystemUpdate: [Execution,ExecutionManager] Action pre-download-validate executed for 0.00 seconds.
08-10 13:41:47.988  6649 14823 W SystemUpdate: [Execution,ExecutionManager] Unable to create the action. Restart the execution from the scratch.
08-10 13:41:47.988  6649 14823 W SystemUpdate: java.lang.IllegalStateException
08-10 13:41:47.988  6649 14823 W SystemUpdate: 	at advt.l(:com.google.android.gms@233013044@23.30.13 (190400-552628474):6)
08-10 13:41:47.988  6649 14823 W SystemUpdate: 	at cnyd.a(:com.google.android.gms@233013044@23.30.13 (190400-552628474):324)
08-10 13:41:47.988  6649 14823 W SystemUpdate: 	at com.google.android.gms.update.execution.InstallationIntentOperation.onHandleIntent(:com.google.android.gms@233013044@23.30.13 (190400-552628474):120)
08-10 13:41:47.988  6649 14823 W SystemUpdate: 	at com.google.android.chimera.IntentOperation.onHandleIntent(:com.google.android.gms@233013044@23.30.13 (190400-552628474):2)
08-10 13:41:47.988  6649 14823 W SystemUpdate: 	at ablm.onHandleIntent(:com.google.android.gms@233013044@23.30.13 (190400-552628474):10)
08-10 13:41:47.988  6649 14823 W SystemUpdate: 	at izw.run(:com.google.android.gms@233013044@23.30.13 (190400-552628474):70)
08-10 13:41:47.988  6649 14823 W SystemUpdate: 	at izv.run(:com.google.android.gms@233013044@23.30.13 (190400-552628474):152)
08-10 13:41:47.988  6649 14823 W SystemUpdate: 	at dlkq.run(:com.google.android.gms@233013044@23.30.13 (190400-552628474):13)
08-10 13:41:47.988  6649 14823 W SystemUpdate: 	at java.util.concurrent.ThreadPoolExecutor.runWorker(ThreadPoolExecutor.java:1167)
08-10 13:41:47.988  6649 14823 W SystemUpdate: 	at java.util.concurrent.ThreadPoolExecutor$Worker.run(ThreadPoolExecutor.java:641)
08-10 13:41:47.988  6649 14823 W SystemUpdate: 	at java.lang.Thread.run(Thread.java:920)
08-10 13:41:47.993  4599  4692 I display : getColorModes:: is not supported
08-10 13:41:47.993  4599  4692 I display : getColorModes:: is not supported
08-10 13:41:47.993  4659  5033 E HWComposer: getSupportedContentTypes: getSupportedContentTypes failed for display 0: Unsupported (8)
08-10 13:41:47.994 19616 19771 D hw-ProcessState: Binder ioctl to enable oneway spam detection failed: Invalid argument
08-10 13:41:47.994 19616 19771 D mali_winsys: EGLint new_window_surface(egl_winsys_display *, void *, EGLSurface, EGLConfig, egl_winsys_surface **, EGLBoolean) returns 0x3000
08-10 13:41:47.995  4425  4425 I hwservicemanager: getTransport: Cannot find entry android.hardware.graphics.mapper@4.0::IMapper/default in either framework or device VINTF manifest.
08-10 13:41:47.996 19616 19790 I Gralloc4: mapper 4.x is not supported
08-10 13:41:47.996  4425  4425 I hwservicemanager: getTransport: Cannot find entry android.hardware.graphics.mapper@3.0::IMapper/default in either framework or device VINTF manifest.
08-10 13:41:47.996 19616 19790 W Gralloc3: mapper 3.x is not supported
08-10 13:41:48.000 19616 19790 I gralloc : Arm Module v1.0
08-10 13:41:48.001  4425  4425 I hwservicemanager: getTransport: Cannot find entry android.hardware.graphics.allocator@4.0::IAllocator/default in either framework or device VINTF manifest.
08-10 13:41:48.001 19616 19790 W Gralloc4: allocator 4.x is not supported
08-10 13:41:48.001  4425  4425 I hwservicemanager: getTransport: Cannot find entry android.hardware.graphics.allocator@3.0::IAllocator/default in either framework or device VINTF manifest.
08-10 13:41:48.001 19616 19790 W Gralloc3: allocator 3.x is not supported
08-10 13:41:48.002 19616 19790 I Gralloc2: Adding additional valid usage bits: 0x0
08-10 13:41:48.003  6649 14823 I SystemUpdate: [Execution,ExecutionManager] Action pending executed for 0.02 seconds.
08-10 13:41:48.005  6649 14823 I SystemUpdate: [Execution,ExecutionManager] Action pre-download-validate executed for 0.00 seconds.
08-10 13:41:48.008  6649 14823 W SystemUpdate: [Execution,ExecutionManager] Unable to create the action. Restart the execution from the scratch.
08-10 13:41:48.008  6649 14823 W SystemUpdate: java.lang.IllegalStateException
08-10 13:41:48.008  6649 14823 W SystemUpdate: 	at advt.l(:com.google.android.gms@233013044@23.30.13 (190400-552628474):6)
08-10 13:41:48.008  6649 14823 W SystemUpdate: 	at cnyd.a(:com.google.android.gms@233013044@23.30.13 (190400-552628474):324)
08-10 13:41:48.008  6649 14823 W SystemUpdate: 	at com.google.android.gms.update.execution.InstallationIntentOperation.onHandleIntent(:com.google.android.gms@233013044@23.30.13 (190400-552628474):120)
08-10 13:41:48.008  6649 14823 W SystemUpdate: 	at com.google.android.chimera.IntentOperation.onHandleIntent(:com.google.android.gms@233013044@23.30.13 (190400-552628474):2)
08-10 13:41:48.008  6649 14823 W SystemUpdate: 	at ablm.onHandleIntent(:com.google.android.gms@233013044@23.30.13 (190400-552628474):10)
08-10 13:41:48.008  6649 14823 W SystemUpdate: 	at izw.run(:com.google.android.gms@233013044@23.30.13 (190400-552628474):70)
08-10 13:41:48.008  6649 14823 W SystemUpdate: 	at izv.run(:com.google.android.gms@233013044@23.30.13 (190400-552628474):152)
08-10 13:41:48.008  6649 14823 W SystemUpdate: 	at dlkq.run(:com.google.android.gms@233013044@23.30.13 (190400-552628474):13)
08-10 13:41:48.008  6649 14823 W SystemUpdate: 	at java.util.concurrent.ThreadPoolExecutor.runWorker(ThreadPoolExecutor.java:1167)
08-10 13:41:48.008  6649 14823 W SystemUpdate: 	at java.util.concurrent.ThreadPoolExecutor$Worker.run(ThreadPoolExecutor.java:641)
08-10 13:41:48.008  6649 14823 W SystemUpdate: 	at java.lang.Thread.run(Thread.java:920)
08-10 13:41:48.023  6649 14823 I SystemUpdate: [Execution,ExecutionManager] Action pending executed for 0.02 seconds.
08-10 13:41:48.025  6649 14823 I SystemUpdate: [Execution,ExecutionManager] Action pre-download-validate executed for 0.00 seconds.
08-10 13:41:48.029  6649 14823 W SystemUpdate: [Execution,ExecutionManager] Unable to create the action. Restart the execution from the scratch.
08-10 13:41:48.029  6649 14823 W SystemUpdate: java.lang.IllegalStateException
08-10 13:41:48.029  6649 14823 W SystemUpdate: 	at advt.l(:com.google.android.gms@233013044@23.30.13 (190400-552628474):6)
08-10 13:41:48.029  6649 14823 W SystemUpdate: 	at cnyd.a(:com.google.android.gms@233013044@23.30.13 (190400-552628474):324)
08-10 13:41:48.029  6649 14823 W SystemUpdate: 	at com.google.android.gms.update.execution.InstallationIntentOperation.onHandleIntent(:com.google.android.gms@233013044@23.30.13 (190400-552628474):120)
08-10 13:41:48.029  6649 14823 W SystemUpdate: 	at com.google.android.chimera.IntentOperation.onHandleIntent(:com.google.android.gms@233013044@23.30.13 (190400-552628474):2)
08-10 13:41:48.029  6649 14823 W SystemUpdate: 	at ablm.onHandleIntent(:com.google.android.gms@233013044@23.30.13 (190400-552628474):10)
08-10 13:41:48.029  6649 14823 W SystemUpdate: 	at izw.run(:com.google.android.gms@233013044@23.30.13 (190400-552628474):70)
08-10 13:41:48.029  6649 14823 W SystemUpdate: 	at izv.run(:com.google.android.gms@233013044@23.30.13 (190400-552628474):152)
08-10 13:41:48.029  6649 14823 W SystemUpdate: 	at dlkq.run(:com.google.android.gms@233013044@23.30.13 (190400-552628474):13)
08-10 13:41:48.029  6649 14823 W SystemUpdate: 	at java.util.concurrent.ThreadPoolExecutor.runWorker(ThreadPoolExecutor.java:1167)
08-10 13:41:48.029  6649 14823 W SystemUpdate: 	at java.util.concurrent.ThreadPoolExecutor$Worker.run(ThreadPoolExecutor.java:641)
08-10 13:41:48.029  6649 14823 W SystemUpdate: 	at java.lang.Thread.run(Thread.java:920)
08-10 13:41:48.038 22144 22174 E BufferQueueProducer: [ViewRootImpl[ArrowLauncher]#46(BLAST Consumer)46](id:568000000031,api:0,p:-1,c:22144) disconnect: not connected (req=1)
08-10 13:41:48.038 22144 22174 W libEGL  : EGLNativeWindowType 0x71019e0110 disconnect failed
08-10 13:41:48.039  6405 10603 E BufferQueueProducer: [ViewRootImpl[ArrowLauncher]#72(BLAST Consumer)72](id:190500000048,api:0,p:-1,c:6405) disconnect: not connected (req=1)
08-10 13:41:48.039  6405 10603 W libEGL  : EGLNativeWindowType 0x710183ecd0 disconnect failed
08-10 13:41:48.046  6405  6405 I dnvk    : (REDACTED) onApplyWindowInsets: systemWindowInsets=%s
08-10 13:41:48.046  6405  6405 I dnvk    : (REDACTED) onApplyWindowInsets: systemWindowInsets=%s
08-10 13:41:48.049  6649 14823 I SystemUpdate: [Execution,ExecutionManager] Action pending executed for 0.02 seconds.
08-10 13:41:48.052  6649 14823 I SystemUpdate: [Execution,ExecutionManager] Action pre-download-validate executed for 0.00 seconds.
08-10 13:41:48.055 19616 19771 D mali_winsys: EGLint new_window_surface(egl_winsys_display *, void *, EGLSurface, EGLConfig, egl_winsys_surface **, EGLBoolean) returns 0x3000
08-10 13:41:48.057  6649 14823 W SystemUpdate: [Execution,ExecutionManager] Unable to create the action. Restart the execution from the scratch.
08-10 13:41:48.057  6649 14823 W SystemUpdate: java.lang.IllegalStateException
08-10 13:41:48.057  6649 14823 W SystemUpdate: 	at advt.l(:com.google.android.gms@233013044@23.30.13 (190400-552628474):6)
08-10 13:41:48.057  6649 14823 W SystemUpdate: 	at cnyd.a(:com.google.android.gms@233013044@23.30.13 (190400-552628474):324)
08-10 13:41:48.057  6649 14823 W SystemUpdate: 	at com.google.android.gms.update.execution.InstallationIntentOperation.onHandleIntent(:com.google.android.gms@233013044@23.30.13 (190400-552628474):120)
08-10 13:41:48.057  6649 14823 W SystemUpdate: 	at com.google.android.chimera.IntentOperation.onHandleIntent(:com.google.android.gms@233013044@23.30.13 (190400-552628474):2)
08-10 13:41:48.057  6649 14823 W SystemUpdate: 	at ablm.onHandleIntent(:com.google.android.gms@233013044@23.30.13 (190400-552628474):10)
08-10 13:41:48.057  6649 14823 W SystemUpdate: 	at izw.run(:com.google.android.gms@233013044@23.30.13 (190400-552628474):70)
